// Jest Snapshot v1, https://goo.gl/fbAQLP

exports[`PostForm component renders PostForm 1`] = `
<DocumentFragment>
  <form>
    <input
      placeholder="Title"
      type="text"
    />
    <br />
    <textarea
      cols="50"
      placeholder="Body"
      rows="10"
    />
    <br />
    <button>
      Post
    </button>
  </form>
</DocumentFragment>
`;
